Traceback (most recent call last):
  File "C:\Users\sammy\AppData\Local\Packages\PythonSoftwareFoundation.Python.3.8_qbz5n2kfra8p0\LocalCache\local-packages\Python38\site-packages\jupyter_core\utils\__init__.py", line 154, in wrapped
    asyncio.get_running_loop()
RuntimeError: no running event loop

During handling of the above exception, another exception occurred:

Traceback (most recent call last):
  File "C:\Users\sammy\AppData\Local\Packages\PythonSoftwareFoundation.Python.3.8_qbz5n2kfra8p0\LocalCache\local-packages\Python38\site-packages\jupyter_cache\executors\utils.py", line 58, in single_nb_execution
    executenb(
  File "C:\Users\sammy\AppData\Local\Packages\PythonSoftwareFoundation.Python.3.8_qbz5n2kfra8p0\LocalCache\local-packages\Python38\site-packages\nbclient\client.py", line 1305, in execute
    return NotebookClient(nb=nb, resources=resources, km=km, **kwargs).execute()
  File "C:\Users\sammy\AppData\Local\Packages\PythonSoftwareFoundation.Python.3.8_qbz5n2kfra8p0\LocalCache\local-packages\Python38\site-packages\jupyter_core\utils\__init__.py", line 158, in wrapped
    return loop.run_until_complete(inner)
  File "C:\Program Files\WindowsApps\PythonSoftwareFoundation.Python.3.8_3.8.2800.0_x64__qbz5n2kfra8p0\lib\asyncio\base_events.py", line 616, in run_until_complete
    return future.result()
  File "C:\Users\sammy\AppData\Local\Packages\PythonSoftwareFoundation.Python.3.8_qbz5n2kfra8p0\LocalCache\local-packages\Python38\site-packages\nbclient\client.py", line 705, in async_execute
    await self.async_execute_cell(
  File "C:\Users\sammy\AppData\Local\Packages\PythonSoftwareFoundation.Python.3.8_qbz5n2kfra8p0\LocalCache\local-packages\Python38\site-packages\nbclient\client.py", line 1058, in async_execute_cell
    await self._check_raise_for_error(cell, cell_index, exec_reply)
  File "C:\Users\sammy\AppData\Local\Packages\PythonSoftwareFoundation.Python.3.8_qbz5n2kfra8p0\LocalCache\local-packages\Python38\site-packages\nbclient\client.py", line 914, in _check_raise_for_error
    raise CellExecutionError.from_cell_and_msg(cell, exec_reply_content)
nbclient.exceptions.CellExecutionError: An error occurred while executing the following cell:
------------------
measurement_hours = np.array([-12.0, -8.0, -4.0, 0.0])
variable_specs = {
    # base, patient-baseline spread, acute effect, worsening slope, measurement noise
    "heart_rate":       (78.0, 8.0,  2.0,  10.0, 6.2),
    "spo2":             (96.0, 1.4, -0.4,  -3.6, 1.2),
    "respiratory_rate": (17.0, 2.8,  0.5,   5.0, 2.3),
    "systolic_bp":      (122.0, 11.0, -1.0, -8.0, 8.5),
    "creatinine":       (0.95, 0.22, 0.03, 0.30, 0.13),
}

# Create stable patient baselines once; this makes within-patient changes useful.
patient_baselines = {
    variable: rng.normal(0, spec[1], n_patients)
    for variable, spec in variable_specs.items()
}

observation_rows: list[dict] = []
for patient_index, patient_id in enumerate(patient_ids):
    for variable, (base, _, acute_effect, slope_effect, noise_sd) in variable_specs.items():
        for measurement_hour in measurement_hours:
            progress = (measurement_hour + 12.0) / 12.0  # 0 at −12 h; 1 at index

            # Measurements are somewhat more frequent near the index and for
            # higher-burden fictional patients. This creates informative missingness.
            observe_logit = (
                0.90 + 0.18 * acute_burden[patient_index]
                + 0.16 * max(worsening[patient_index], 0.0)
                + 0.25 * progress - (0.25 if variable == "creatinine" else 0.0)
            )
            observe_probability = 1 / (1 + np.exp(-observe_logit))
            if rng.random() > observe_probability:
                continue

            value = (
                base
                + patient_baselines[variable][patient_index]
                + acute_effect * acute_burden[patient_index]
                # Centre the trajectory within the window. The most recent
                # eligible value then carries only part of the trajectory,
                # while a slope across time can recover its direction.
                + slope_effect * worsening[patient_index] * (progress - 0.5)
                + rng.normal(0, noise_sd)
            )

            # Laboratory results may become available after collection;
            # bedside vital signs are effectively immediate in this example.
            if variable == "creatinine":
                result_delay = rng.uniform(0.5, 2.2)
            else:
                result_delay = rng.uniform(0.0, 0.15)

            observation_rows.append({
                "patient_id": patient_id,
                "variable": variable,
                "measurement_hour": measurement_hour,
                "available_hour": measurement_hour + result_delay,
                "value": float(value),
            })

observations = pd.DataFrame(observation_rows).sort_values(
    ["patient_id", "variable", "measurement_hour"]
).reset_index(drop=True)

# A separate future measurement is created solely for the leakage demonstration.
# Its noise keeps it informative but far from a perfect proxy for the outcome.
future_spo2 = pd.DataFrame({
    "patient_id": patient_ids,
    "measurement_hour": 6.0,
    "available_hour": 6.1,
    "future_spo2": (
        95.5 - 0.8 * acute_burden - 1.25 * worsening
        - 1.1 * event_12h + rng.normal(0, 2.1, n_patients)
    ),
})

print(f"Long-format observations: {len(observations):,}")
display(observations.head(8))

------------------


[1;31m---------------------------------------------------------------------------[0m
[1;31mTypeError[0m                                 Traceback (most recent call last)
Cell [1;32mIn[4], line 17[0m
[0;32m     11[0m [38;5;66;03m# Create stable patient baselines once; this makes within-patient changes useful.[39;00m
[0;32m     12[0m patient_baselines [38;5;241m=[39m {
[0;32m     13[0m     variable: rng[38;5;241m.[39mnormal([38;5;241m0[39m, spec[[38;5;241m1[39m], n_patients)
[0;32m     14[0m     [38;5;28;01mfor[39;00m variable, spec [38;5;129;01min[39;00m variable_specs[38;5;241m.[39mitems()
[0;32m     15[0m }
[1;32m---> 17[0m observation_rows: [38;5;28;43mlist[39;49m[43m[[49m[38;5;28;43mdict[39;49m[43m][49m [38;5;241m=[39m []
[0;32m     18[0m [38;5;28;01mfor[39;00m patient_index, patient_id [38;5;129;01min[39;00m [38;5;28menumerate[39m(patient_ids):
[0;32m     19[0m     [38;5;28;01mfor[39;00m variable, (base, _, acute_effect, slope_effect, noise_sd) [38;5;129;01min[39;00m variable_specs[38;5;241m.[39mitems():

[1;31mTypeError[0m: 'type' object is not subscriptable

