Traceback (most recent call last):
  File "C:\Users\sammy\AppData\Local\Packages\PythonSoftwareFoundation.Python.3.8_qbz5n2kfra8p0\LocalCache\local-packages\Python38\site-packages\jupyter_core\utils\__init__.py", line 154, in wrapped
    asyncio.get_running_loop()
RuntimeError: no running event loop

During handling of the above exception, another exception occurred:

Traceback (most recent call last):
  File "C:\Users\sammy\AppData\Local\Packages\PythonSoftwareFoundation.Python.3.8_qbz5n2kfra8p0\LocalCache\local-packages\Python38\site-packages\jupyter_cache\executors\utils.py", line 58, in single_nb_execution
    executenb(
  File "C:\Users\sammy\AppData\Local\Packages\PythonSoftwareFoundation.Python.3.8_qbz5n2kfra8p0\LocalCache\local-packages\Python38\site-packages\nbclient\client.py", line 1305, in execute
    return NotebookClient(nb=nb, resources=resources, km=km, **kwargs).execute()
  File "C:\Users\sammy\AppData\Local\Packages\PythonSoftwareFoundation.Python.3.8_qbz5n2kfra8p0\LocalCache\local-packages\Python38\site-packages\jupyter_core\utils\__init__.py", line 158, in wrapped
    return loop.run_until_complete(inner)
  File "C:\Program Files\WindowsApps\PythonSoftwareFoundation.Python.3.8_3.8.2800.0_x64__qbz5n2kfra8p0\lib\asyncio\base_events.py", line 616, in run_until_complete
    return future.result()
  File "C:\Users\sammy\AppData\Local\Packages\PythonSoftwareFoundation.Python.3.8_qbz5n2kfra8p0\LocalCache\local-packages\Python38\site-packages\nbclient\client.py", line 705, in async_execute
    await self.async_execute_cell(
  File "C:\Users\sammy\AppData\Local\Packages\PythonSoftwareFoundation.Python.3.8_qbz5n2kfra8p0\LocalCache\local-packages\Python38\site-packages\nbclient\client.py", line 1058, in async_execute_cell
    await self._check_raise_for_error(cell, cell_index, exec_reply)
  File "C:\Users\sammy\AppData\Local\Packages\PythonSoftwareFoundation.Python.3.8_qbz5n2kfra8p0\LocalCache\local-packages\Python38\site-packages\nbclient\client.py", line 914, in _check_raise_for_error
    raise CellExecutionError.from_cell_and_msg(cell, exec_reply_content)
nbclient.exceptions.CellExecutionError: An error occurred while executing the following cell:
------------------
def deep_freeze(value: Any) -> Any:
    '''Recursively detach common containers from planner-owned mutable state.'''
    if isinstance(value, dict):
        return MappingProxyType({key: deep_freeze(item) for key, item in value.items()})
    if isinstance(value, (list, tuple)):
        return tuple(deep_freeze(item) for item in value)
    if isinstance(value, set):
        return frozenset(deep_freeze(item) for item in value)
    return value


# Planner-facing schema: proposals are immutable data, not executable objects.
@dataclass(frozen=True)
class Action:
    '''A planner proposal. It contains no authority to execute itself.'''

    tool: str
    # `Any` lets the executor demonstrate controlled denial of malformed
    # planner output; valid dictionaries are detached and deep-frozen below.
    arguments: Any
    purpose: str
    evidence_ids: tuple[str, ...] = ()

    def __post_init__(self) -> None:
        if isinstance(self.arguments, dict):
            object.__setattr__(self, "arguments", deep_freeze(self.arguments))


@dataclass(frozen=True)
class DraftArtifact:
    '''Immutable draft content and provenance stored behind the executor.'''

    draft_id: str
    patient_id: str
    task_id: str
    policy_id: str
    text: str

    @property
    def content_digest(self) -> str:
        # The property is recomputed from the frozen fields rather than read
        # from a mutable cached value.
        return canonical_draft_digest({
            "patient_id": self.patient_id,
            "task_id": self.task_id,
            "policy_id": self.policy_id,
            "text": self.text,
        })

    def as_dict(self) -> dict[str, Any]:
        '''Return a detached snapshot suitable for state or audit output.'''
        return {
            "draft_id": self.draft_id,
            "patient_id": self.patient_id,
            "task_id": self.task_id,
            "policy_id": self.policy_id,
            "text": self.text,
            "content_digest": self.content_digest,
        }


# Executor-facing schema: capability metadata stays outside the planner.
@dataclass(frozen=True)
class ToolSpec:
    '''Executor-owned metadata for one narrowly scoped capability.'''

    function: Callable[..., Any]
    argument_types: dict[str, type]
    effect: str  # one of: read, reversible, consequential


# Approval binding: a canonical hash detects any post-review mutation.
def canonical_digest(action: Action) -> str:
    '''Hash exactly what a reviewer approves, independent of key order.'''

    payload = {
        "tool": action.tool,
        # Valid actions contain an immutable MappingProxyType. Convert its
        # top level to an ordinary dictionary for canonical JSON encoding.
        "arguments": dict(action.arguments),
        "purpose": action.purpose,
        "evidence_ids": action.evidence_ids,
    }
    canonical_json = json.dumps(payload, sort_keys=True, separators=(",", ":"))
    return hashlib.sha256(canonical_json.encode("utf-8")).hexdigest()


def canonical_draft_digest(draft: dict[str, Any]) -> str:
    '''Bind a draft's patient, task, policy, and text to one stable digest.'''

    # Deliberately exclude mutable storage metadata such as creation time or
    # status. These four fields are the review-relevant content/provenance.
    payload = {
        "patient_id": draft["patient_id"],
        "task_id": draft["task_id"],
        "policy_id": draft["policy_id"],
        "text": draft["text"],
    }
    canonical_json = json.dumps(payload, sort_keys=True, separators=(",", ":"))
    return hashlib.sha256(canonical_json.encode("utf-8")).hexdigest()

------------------


[1;31m---------------------------------------------------------------------------[0m
[1;31mTypeError[0m                                 Traceback (most recent call last)
Cell [1;32mIn[4], line 14[0m
[0;32m      9[0m     [38;5;28;01mreturn[39;00m value
[0;32m     12[0m [38;5;66;03m# Planner-facing schema: proposals are immutable data, not executable objects.[39;00m
[0;32m     13[0m [38;5;129m@dataclass[39m(frozen[38;5;241m=[39m[38;5;28;01mTrue[39;00m)
[1;32m---> 14[0m [38;5;28;01mclass[39;00m[38;5;250m [39m[38;5;21;01mAction[39;00m:
[0;32m     15[0m [38;5;250m    [39m[38;5;124;03m'''A planner proposal. It contains no authority to execute itself.'''[39;00m
[0;32m     17[0m     tool: [38;5;28mstr[39m

Cell [1;32mIn[4], line 22[0m, in [0;36mAction[1;34m()[0m
[0;32m     20[0m arguments: Any
[0;32m     21[0m purpose: [38;5;28mstr[39m
[1;32m---> 22[0m evidence_ids: [38;5;28;43mtuple[39;49m[43m[[49m[38;5;28;43mstr[39;49m[43m,[49m[43m [49m[38;5;241;43m.[39;49m[38;5;241;43m.[39;49m[38;5;241;43m.[39;49m[43m][49m [38;5;241m=[39m ()
[0;32m     24[0m [38;5;28;01mdef[39;00m[38;5;250m [39m[38;5;21m__post_init__[39m([38;5;28mself[39m) [38;5;241m-[39m[38;5;241m>[39m [38;5;28;01mNone[39;00m:
[0;32m     25[0m     [38;5;28;01mif[39;00m [38;5;28misinstance[39m([38;5;28mself[39m[38;5;241m.[39marguments, [38;5;28mdict[39m):

[1;31mTypeError[0m: 'type' object is not subscriptable

