Traceback (most recent call last):
  File "C:\Users\sammy\AppData\Local\Packages\PythonSoftwareFoundation.Python.3.8_qbz5n2kfra8p0\LocalCache\local-packages\Python38\site-packages\jupyter_core\utils\__init__.py", line 154, in wrapped
    asyncio.get_running_loop()
RuntimeError: no running event loop

During handling of the above exception, another exception occurred:

Traceback (most recent call last):
  File "C:\Users\sammy\AppData\Local\Packages\PythonSoftwareFoundation.Python.3.8_qbz5n2kfra8p0\LocalCache\local-packages\Python38\site-packages\jupyter_cache\executors\utils.py", line 58, in single_nb_execution
    executenb(
  File "C:\Users\sammy\AppData\Local\Packages\PythonSoftwareFoundation.Python.3.8_qbz5n2kfra8p0\LocalCache\local-packages\Python38\site-packages\nbclient\client.py", line 1305, in execute
    return NotebookClient(nb=nb, resources=resources, km=km, **kwargs).execute()
  File "C:\Users\sammy\AppData\Local\Packages\PythonSoftwareFoundation.Python.3.8_qbz5n2kfra8p0\LocalCache\local-packages\Python38\site-packages\jupyter_core\utils\__init__.py", line 158, in wrapped
    return loop.run_until_complete(inner)
  File "C:\Program Files\WindowsApps\PythonSoftwareFoundation.Python.3.8_3.8.2800.0_x64__qbz5n2kfra8p0\lib\asyncio\base_events.py", line 616, in run_until_complete
    return future.result()
  File "C:\Users\sammy\AppData\Local\Packages\PythonSoftwareFoundation.Python.3.8_qbz5n2kfra8p0\LocalCache\local-packages\Python38\site-packages\nbclient\client.py", line 705, in async_execute
    await self.async_execute_cell(
  File "C:\Users\sammy\AppData\Local\Packages\PythonSoftwareFoundation.Python.3.8_qbz5n2kfra8p0\LocalCache\local-packages\Python38\site-packages\nbclient\client.py", line 1058, in async_execute_cell
    await self._check_raise_for_error(cell, cell_index, exec_reply)
  File "C:\Users\sammy\AppData\Local\Packages\PythonSoftwareFoundation.Python.3.8_qbz5n2kfra8p0\LocalCache\local-packages\Python38\site-packages\nbclient\client.py", line 914, in _check_raise_for_error
    raise CellExecutionError.from_cell_and_msg(cell, exec_reply_content)
nbclient.exceptions.CellExecutionError: An error occurred while executing the following cell:
------------------
# Reproducible setup ---------------------------------------------------------
# Scientific Python handles simulation/evaluation; PyTorch is used only for
# neural generators so their tensor operations remain visible.
SEED = 2026

import copy
import math
import warnings
import numpy as np
import pandas as pd
import matplotlib.pyplot as plt

from scipy.stats import ks_2samp
from sklearn.linear_model import LogisticRegression
from sklearn.metrics import average_precision_score, roc_auc_score
from sklearn.mixture import GaussianMixture
from sklearn.model_selection import train_test_split
from sklearn.neighbors import NearestNeighbors
from sklearn.pipeline import make_pipeline
from sklearn.preprocessing import StandardScaler

import torch
from torch import nn
from torch.utils.data import DataLoader, TensorDataset

rng = np.random.default_rng(SEED)
torch.manual_seed(SEED)
pd.set_option("display.max_columns", 30)
pd.set_option("display.precision", 3)

------------------


[1;31m---------------------------------------------------------------------------[0m
[1;31mModuleNotFoundError[0m                       Traceback (most recent call last)
Cell [1;32mIn[1], line 23[0m
[0;32m     20[0m [38;5;28;01mfrom[39;00m[38;5;250m [39m[38;5;21;01msklearn[39;00m[38;5;21;01m.[39;00m[38;5;21;01mpreprocessing[39;00m[38;5;250m [39m[38;5;28;01mimport[39;00m StandardScaler
[0;32m     22[0m [38;5;28;01mimport[39;00m[38;5;250m [39m[38;5;21;01mtorch[39;00m
[1;32m---> 23[0m [38;5;28;01mfrom[39;00m[38;5;250m [39m[38;5;21;01mtorch[39;00m[38;5;250m [39m[38;5;28;01mimport[39;00m nn
[0;32m     24[0m [38;5;28;01mfrom[39;00m[38;5;250m [39m[38;5;21;01mtorch[39;00m[38;5;21;01m.[39;00m[38;5;21;01mutils[39;00m[38;5;21;01m.[39;00m[38;5;21;01mdata[39;00m[38;5;250m [39m[38;5;28;01mimport[39;00m DataLoader, TensorDataset
[0;32m     26[0m rng [38;5;241m=[39m np[38;5;241m.[39mrandom[38;5;241m.[39mdefault_rng(SEED)

File [1;32m~\AppData\Local\Packages\PythonSoftwareFoundation.Python.3.8_qbz5n2kfra8p0\LocalCache\local-packages\Python38\site-packages\torch\nn\__init__.py:2[0m
[0;32m      1[0m [38;5;66;03m# mypy: allow-untyped-defs[39;00m
[1;32m----> 2[0m [38;5;28;01mfrom[39;00m[38;5;250m [39m[38;5;21;01m.[39;00m[38;5;21;01mmodules[39;00m[38;5;250m [39m[38;5;28;01mimport[39;00m [38;5;241m*[39m  [38;5;66;03m# noqa: F403[39;00m
[0;32m      3[0m [38;5;28;01mfrom[39;00m[38;5;250m [39m[38;5;21;01m.[39;00m[38;5;21;01mparameter[39;00m[38;5;250m [39m[38;5;28;01mimport[39;00m (
[0;32m      4[0m     Parameter [38;5;28;01mas[39;00m Parameter,
[0;32m      5[0m     UninitializedParameter [38;5;28;01mas[39;00m UninitializedParameter,
[0;32m      6[0m     UninitializedBuffer [38;5;28;01mas[39;00m UninitializedBuffer,
[0;32m      7[0m )
[0;32m      8[0m [38;5;28;01mfrom[39;00m[38;5;250m [39m[38;5;21;01m.[39;00m[38;5;21;01mparallel[39;00m[38;5;250m [39m[38;5;28;01mimport[39;00m DataParallel [38;5;28;01mas[39;00m DataParallel

File [1;32m~\AppData\Local\Packages\PythonSoftwareFoundation.Python.3.8_qbz5n2kfra8p0\LocalCache\local-packages\Python38\site-packages\torch\nn\modules\__init__.py:1[0m
[1;32m----> 1[0m [38;5;28;01mfrom[39;00m[38;5;250m [39m[38;5;21;01m.[39;00m[38;5;21;01mmodule[39;00m[38;5;250m [39m[38;5;28;01mimport[39;00m Module
[0;32m      2[0m [38;5;28;01mfrom[39;00m[38;5;250m [39m[38;5;21;01m.[39;00m[38;5;21;01mlinear[39;00m[38;5;250m [39m[38;5;28;01mimport[39;00m Identity, Linear, Bilinear, LazyLinear
[0;32m      3[0m [38;5;28;01mfrom[39;00m[38;5;250m [39m[38;5;21;01m.[39;00m[38;5;21;01mconv[39;00m[38;5;250m [39m[38;5;28;01mimport[39;00m Conv1d, Conv2d, Conv3d, \
[0;32m      4[0m     ConvTranspose1d, ConvTranspose2d, ConvTranspose3d, \
[0;32m      5[0m     LazyConv1d, LazyConv2d, LazyConv3d, LazyConvTranspose1d, LazyConvTranspose2d, LazyConvTranspose3d

File [1;32m~\AppData\Local\Packages\PythonSoftwareFoundation.Python.3.8_qbz5n2kfra8p0\LocalCache\local-packages\Python38\site-packages\torch\nn\modules\module.py:9[0m
[0;32m      6[0m [38;5;28;01mimport[39;00m[38;5;250m [39m[38;5;21;01mweakref[39;00m
[0;32m      8[0m [38;5;28;01mimport[39;00m[38;5;250m [39m[38;5;21;01mtorch[39;00m
[1;32m----> 9[0m [38;5;28;01mfrom[39;00m[38;5;250m [39m[38;5;21;01mtorch[39;00m[38;5;21;01m.[39;00m[38;5;21;01m_prims_common[39;00m[38;5;250m [39m[38;5;28;01mimport[39;00m DeviceLikeType
[0;32m     10[0m [38;5;28;01mfrom[39;00m[38;5;250m [39m[38;5;21;01m.[39;00m[38;5;21;01m.[39;00m[38;5;21;01mparameter[39;00m[38;5;250m [39m[38;5;28;01mimport[39;00m Parameter
[0;32m     11[0m [38;5;28;01mimport[39;00m[38;5;250m [39m[38;5;21;01mtorch[39;00m[38;5;21;01m.[39;00m[38;5;21;01mutils[39;00m[38;5;21;01m.[39;00m[38;5;21;01mhooks[39;00m[38;5;250m [39m[38;5;28;01mas[39;00m[38;5;250m [39m[38;5;21;01mhooks[39;00m

[1;31mModuleNotFoundError[0m: No module named 'torch._prims_common'

