Traceback (most recent call last):
  File "C:\Users\sammy\AppData\Local\Packages\PythonSoftwareFoundation.Python.3.8_qbz5n2kfra8p0\LocalCache\local-packages\Python38\site-packages\jupyter_core\utils\__init__.py", line 154, in wrapped
    asyncio.get_running_loop()
RuntimeError: no running event loop

During handling of the above exception, another exception occurred:

Traceback (most recent call last):
  File "C:\Users\sammy\AppData\Local\Packages\PythonSoftwareFoundation.Python.3.8_qbz5n2kfra8p0\LocalCache\local-packages\Python38\site-packages\jupyter_cache\executors\utils.py", line 58, in single_nb_execution
    executenb(
  File "C:\Users\sammy\AppData\Local\Packages\PythonSoftwareFoundation.Python.3.8_qbz5n2kfra8p0\LocalCache\local-packages\Python38\site-packages\nbclient\client.py", line 1305, in execute
    return NotebookClient(nb=nb, resources=resources, km=km, **kwargs).execute()
  File "C:\Users\sammy\AppData\Local\Packages\PythonSoftwareFoundation.Python.3.8_qbz5n2kfra8p0\LocalCache\local-packages\Python38\site-packages\jupyter_core\utils\__init__.py", line 158, in wrapped
    return loop.run_until_complete(inner)
  File "C:\Program Files\WindowsApps\PythonSoftwareFoundation.Python.3.8_3.8.2800.0_x64__qbz5n2kfra8p0\lib\asyncio\base_events.py", line 616, in run_until_complete
    return future.result()
  File "C:\Users\sammy\AppData\Local\Packages\PythonSoftwareFoundation.Python.3.8_qbz5n2kfra8p0\LocalCache\local-packages\Python38\site-packages\nbclient\client.py", line 705, in async_execute
    await self.async_execute_cell(
  File "C:\Users\sammy\AppData\Local\Packages\PythonSoftwareFoundation.Python.3.8_qbz5n2kfra8p0\LocalCache\local-packages\Python38\site-packages\nbclient\client.py", line 1058, in async_execute_cell
    await self._check_raise_for_error(cell, cell_index, exec_reply)
  File "C:\Users\sammy\AppData\Local\Packages\PythonSoftwareFoundation.Python.3.8_qbz5n2kfra8p0\LocalCache\local-packages\Python38\site-packages\nbclient\client.py", line 914, in _check_raise_for_error
    raise CellExecutionError.from_cell_and_msg(cell, exec_reply_content)
nbclient.exceptions.CellExecutionError: An error occurred while executing the following cell:
------------------
from pathlib import Path
import warnings

# Some locked-down runtimes cannot create MedMNIST's optional default cache
# directory. We provide an explicit writable root below, so suppress only that
# harmless import-time warning rather than hiding other warnings.
with warnings.catch_warnings():
    warnings.filterwarnings("ignore", message="Failed to setup default root")
    import medmnist
    from medmnist import INFO, BreastMNIST

# The official loader downloads the published BreastMNIST archive and preserves
# its train/validation/test partitions. We never resplit or merge these sets.
data_root = Path("data/medmnist")
data_root.mkdir(parents=True, exist_ok=True)

breast_train = BreastMNIST(split="train", root=str(data_root), download=True)
breast_val = BreastMNIST(split="val", root=str(data_root), download=True)
breast_test = BreastMNIST(split="test", root=str(data_root), download=True)

breast_info = INFO["breastmnist"]
official_class_names = {int(key): value for key, value in breast_info["label"].items()}
# Downstream binary metrics conventionally treat label 1 as the event of
# interest. This analysis mapping makes malignant the positive class.
class_names = {0: "normal/benign", 1: "malignant"}

# Explicit assertions catch accidental use of a different dataset or split.
assert len(breast_train) == 546
assert len(breast_val) == 78
assert len(breast_test) == 156

print("Dataset:", breast_info["description"])
print("Task:", breast_info["task"])
print("Official splits:", {"train": len(breast_train), "validation": len(breast_val), "test": len(breast_test)})
print("Official labels:", official_class_names)
print("Analysis labels after documented inversion:", class_names)

------------------

----- stdout -----
Please install the required packages first. Use `pip install -r requirements.txt`.
------------------

[1;31m---------------------------------------------------------------------------[0m
[1;31mImportError[0m                               Traceback (most recent call last)
Cell [1;32mIn[11], line 10[0m
[0;32m      8[0m     warnings[38;5;241m.[39mfilterwarnings([38;5;124m"[39m[38;5;124mignore[39m[38;5;124m"[39m, message[38;5;241m=[39m[38;5;124m"[39m[38;5;124mFailed to setup default root[39m[38;5;124m"[39m)
[0;32m      9[0m     [38;5;28;01mimport[39;00m[38;5;250m [39m[38;5;21;01mmedmnist[39;00m
[1;32m---> 10[0m     [38;5;28;01mfrom[39;00m[38;5;250m [39m[38;5;21;01mmedmnist[39;00m[38;5;250m [39m[38;5;28;01mimport[39;00m INFO, BreastMNIST
[0;32m     12[0m [38;5;66;03m# The official loader downloads the published BreastMNIST archive and preserves[39;00m
[0;32m     13[0m [38;5;66;03m# its train/validation/test partitions. We never resplit or merge these sets.[39;00m
[0;32m     14[0m data_root [38;5;241m=[39m Path([38;5;124m"[39m[38;5;124mdata/medmnist[39m[38;5;124m"[39m)

[1;31mImportError[0m: cannot import name 'BreastMNIST' from 'medmnist' (C:\Users\sammy\AppData\Local\Packages\PythonSoftwareFoundation.Python.3.8_qbz5n2kfra8p0\LocalCache\local-packages\Python38\site-packages\medmnist\__init__.py)

